-- predictability
SET synchronous_commit = on;
SET extra_float_digits = 0;
CREATE TABLE orders (id integer, info text, ts timestamp) PARTITION BY RANGE (ts);
CREATE TABLE orders_2024 PARTITION OF orders FOR VALUES FROM ('2024-01-01') TO ('2025-01-01');
CREATE TABLE orders_2025 PARTITION OF orders FOR VALUES FROM ('2025-01-01') TO ('2026-01-01') PARTITION BY RANGE (id);
CREATE TABLE orders_2025_low PARTITION OF orders_2025 FOR VALUES FROM (0) TO (100);
ALTER TABLE orders REPLICA IDENTITY FULL;
ALTER TABLE orders_2024 REPLICA IDENTITY FULL;
ALTER TABLE orders_2025 REPLICA IDENTITY FULL;
ALTER TABLE orders_2025_low REPLICA IDENTITY FULL;
SELECT 'init' FROM pg_create_logical_replication_slot('regression_slot', 'wal2json');
 ?column? 
----------
 init
(1 row)

BEGIN;
INSERT INTO orders (id, info, ts) VALUES(1, 'test1', '2024-06-15');
INSERT INTO orders (id, info, ts) VALUES(2, 'test2', '2025-03-01');
UPDATE orders SET info = 'test1u' WHERE id = 1;
DELETE FROM orders WHERE id = 2;
COMMIT;
-- default (partition-root is false): partition name is used
SELECT data FROM pg_logical_slot_peek_changes('regression_slot', NULL, NULL, 'format-version', '2');
                                                                                                                                                                                                               data                                                                                                                                                                                                               
----------------------------------------------------------------------------------------------------------------------------------------------------------------------------------------------------------------------------------------------------------------------------------------------------------------------------------------------------------------------------------------------------------------------------------
 {"action":"B"}
 {"action":"I","schema":"public","table":"orders_2024","columns":[{"name":"id","type":"integer","value":1},{"name":"info","type":"text","value":"test1"},{"name":"ts","type":"timestamp without time zone","value":"2024-06-15 00:00:00"}]}
 {"action":"I","schema":"public","table":"orders_2025_low","columns":[{"name":"id","type":"integer","value":2},{"name":"info","type":"text","value":"test2"},{"name":"ts","type":"timestamp without time zone","value":"2025-03-01 00:00:00"}]}
 {"action":"U","schema":"public","table":"orders_2024","columns":[{"name":"id","type":"integer","value":1},{"name":"info","type":"text","value":"test1u"},{"name":"ts","type":"timestamp without time zone","value":"2024-06-15 00:00:00"}],"identity":[{"name":"id","type":"integer","value":1},{"name":"info","type":"text","value":"test1"},{"name":"ts","type":"timestamp without time zone","value":"2024-06-15 00:00:00"}]}
 {"action":"D","schema":"public","table":"orders_2025_low","identity":[{"name":"id","type":"integer","value":2},{"name":"info","type":"text","value":"test2"},{"name":"ts","type":"timestamp without time zone","value":"2025-03-01 00:00:00"}]}
 {"action":"C"}
(6 rows)

SELECT data FROM pg_logical_slot_peek_changes('regression_slot', NULL, NULL, 'format-version', '1', 'pretty-print', '1');
                                              data                                               
-------------------------------------------------------------------------------------------------
 {                                                                                              +
         "change": [                                                                            +
                 {                                                                              +
                         "kind": "insert",                                                      +
                         "schema": "public",                                                    +
                         "table": "orders_2024",                                                +
                         "columnnames": ["id", "info", "ts"],                                   +
                         "columntypes": ["integer", "text", "timestamp without time zone"],     +
                         "columnvalues": [1, "test1", "2024-06-15 00:00:00"]                    +
                 }                                                                              +
                 ,{                                                                             +
                         "kind": "insert",                                                      +
                         "schema": "public",                                                    +
                         "table": "orders_2025_low",                                            +
                         "columnnames": ["id", "info", "ts"],                                   +
                         "columntypes": ["integer", "text", "timestamp without time zone"],     +
                         "columnvalues": [2, "test2", "2025-03-01 00:00:00"]                    +
                 }                                                                              +
                 ,{                                                                             +
                         "kind": "update",                                                      +
                         "schema": "public",                                                    +
                         "table": "orders_2024",                                                +
                         "columnnames": ["id", "info", "ts"],                                   +
                         "columntypes": ["integer", "text", "timestamp without time zone"],     +
                         "columnvalues": [1, "test1u", "2024-06-15 00:00:00"],                  +
                         "oldkeys": {                                                           +
                                 "keynames": ["id", "info", "ts"],                              +
                                 "keytypes": ["integer", "text", "timestamp without time zone"],+
                                 "keyvalues": [1, "test1", "2024-06-15 00:00:00"]               +
                         }                                                                      +
                 }                                                                              +
                 ,{                                                                             +
                         "kind": "delete",                                                      +
                         "schema": "public",                                                    +
                         "table": "orders_2025_low",                                            +
                         "oldkeys": {                                                           +
                                 "keynames": ["id", "info", "ts"],                              +
                                 "keytypes": ["integer", "text", "timestamp without time zone"],+
                                 "keyvalues": [2, "test2", "2025-03-01 00:00:00"]               +
                         }                                                                      +
                 }                                                                              +
         ]                                                                                      +
 }
(1 row)

-- partition-root is true: root partitioned table name is used
SELECT data FROM pg_logical_slot_peek_changes('regression_slot', NULL, NULL, 'format-version', '2', 'partition-root', '1');
                                                                                                                                                                                                            data                                                                                                                                                                                                             
-----------------------------------------------------------------------------------------------------------------------------------------------------------------------------------------------------------------------------------------------------------------------------------------------------------------------------------------------------------------------------------------------------------------------------
 {"action":"B"}
 {"action":"I","schema":"public","table":"orders","columns":[{"name":"id","type":"integer","value":1},{"name":"info","type":"text","value":"test1"},{"name":"ts","type":"timestamp without time zone","value":"2024-06-15 00:00:00"}]}
 {"action":"I","schema":"public","table":"orders","columns":[{"name":"id","type":"integer","value":2},{"name":"info","type":"text","value":"test2"},{"name":"ts","type":"timestamp without time zone","value":"2025-03-01 00:00:00"}]}
 {"action":"U","schema":"public","table":"orders","columns":[{"name":"id","type":"integer","value":1},{"name":"info","type":"text","value":"test1u"},{"name":"ts","type":"timestamp without time zone","value":"2024-06-15 00:00:00"}],"identity":[{"name":"id","type":"integer","value":1},{"name":"info","type":"text","value":"test1"},{"name":"ts","type":"timestamp without time zone","value":"2024-06-15 00:00:00"}]}
 {"action":"D","schema":"public","table":"orders","identity":[{"name":"id","type":"integer","value":2},{"name":"info","type":"text","value":"test2"},{"name":"ts","type":"timestamp without time zone","value":"2025-03-01 00:00:00"}]}
 {"action":"C"}
(6 rows)

SELECT data FROM pg_logical_slot_peek_changes('regression_slot', NULL, NULL, 'format-version', '1', 'pretty-print', '1', 'partition-root', 'true');
                                              data                                               
-------------------------------------------------------------------------------------------------
 {                                                                                              +
         "change": [                                                                            +
                 {                                                                              +
                         "kind": "insert",                                                      +
                         "schema": "public",                                                    +
                         "table": "orders",                                                     +
                         "columnnames": ["id", "info", "ts"],                                   +
                         "columntypes": ["integer", "text", "timestamp without time zone"],     +
                         "columnvalues": [1, "test1", "2024-06-15 00:00:00"]                    +
                 }                                                                              +
                 ,{                                                                             +
                         "kind": "insert",                                                      +
                         "schema": "public",                                                    +
                         "table": "orders",                                                     +
                         "columnnames": ["id", "info", "ts"],                                   +
                         "columntypes": ["integer", "text", "timestamp without time zone"],     +
                         "columnvalues": [2, "test2", "2025-03-01 00:00:00"]                    +
                 }                                                                              +
                 ,{                                                                             +
                         "kind": "update",                                                      +
                         "schema": "public",                                                    +
                         "table": "orders",                                                     +
                         "columnnames": ["id", "info", "ts"],                                   +
                         "columntypes": ["integer", "text", "timestamp without time zone"],     +
                         "columnvalues": [1, "test1u", "2024-06-15 00:00:00"],                  +
                         "oldkeys": {                                                           +
                                 "keynames": ["id", "info", "ts"],                              +
                                 "keytypes": ["integer", "text", "timestamp without time zone"],+
                                 "keyvalues": [1, "test1", "2024-06-15 00:00:00"]               +
                         }                                                                      +
                 }                                                                              +
                 ,{                                                                             +
                         "kind": "delete",                                                      +
                         "schema": "public",                                                    +
                         "table": "orders",                                                     +
                         "oldkeys": {                                                           +
                                 "keynames": ["id", "info", "ts"],                              +
                                 "keytypes": ["integer", "text", "timestamp without time zone"],+
                                 "keyvalues": [2, "test2", "2025-03-01 00:00:00"]               +
                         }                                                                      +
                 }                                                                              +
         ]                                                                                      +
 }
(1 row)

-- table filtering uses the partition name if partition-root is false
SELECT data FROM pg_logical_slot_peek_changes('regression_slot', NULL, NULL, 'format-version', '2', 'filter-tables', 'public.orders_2024');
                                                                                                                      data                                                                                                                       
-------------------------------------------------------------------------------------------------------------------------------------------------------------------------------------------------------------------------------------------------
 {"action":"B"}
 {"action":"I","schema":"public","table":"orders_2025_low","columns":[{"name":"id","type":"integer","value":2},{"name":"info","type":"text","value":"test2"},{"name":"ts","type":"timestamp without time zone","value":"2025-03-01 00:00:00"}]}
 {"action":"D","schema":"public","table":"orders_2025_low","identity":[{"name":"id","type":"integer","value":2},{"name":"info","type":"text","value":"test2"},{"name":"ts","type":"timestamp without time zone","value":"2025-03-01 00:00:00"}]}
 {"action":"C"}
(4 rows)

SELECT data FROM pg_logical_slot_peek_changes('regression_slot', NULL, NULL, 'format-version', '2', 'add-tables', 'public.orders');
      data      
----------------
 {"action":"B"}
 {"action":"C"}
(2 rows)

-- table filtering uses the root partitioned table name if partition-root is true
SELECT data FROM pg_logical_slot_peek_changes('regression_slot', NULL, NULL, 'format-version', '2', 'partition-root', '1', 'filter-tables', 'public.orders');
      data      
----------------
 {"action":"B"}
 {"action":"C"}
(2 rows)

SELECT data FROM pg_logical_slot_peek_changes('regression_slot', NULL, NULL, 'format-version', '2', 'partition-root', '1', 'add-tables', 'public.orders');
                                                                                                                                                                                                            data                                                                                                                                                                                                             
-----------------------------------------------------------------------------------------------------------------------------------------------------------------------------------------------------------------------------------------------------------------------------------------------------------------------------------------------------------------------------------------------------------------------------
 {"action":"B"}
 {"action":"I","schema":"public","table":"orders","columns":[{"name":"id","type":"integer","value":1},{"name":"info","type":"text","value":"test1"},{"name":"ts","type":"timestamp without time zone","value":"2024-06-15 00:00:00"}]}
 {"action":"I","schema":"public","table":"orders","columns":[{"name":"id","type":"integer","value":2},{"name":"info","type":"text","value":"test2"},{"name":"ts","type":"timestamp without time zone","value":"2025-03-01 00:00:00"}]}
 {"action":"U","schema":"public","table":"orders","columns":[{"name":"id","type":"integer","value":1},{"name":"info","type":"text","value":"test1u"},{"name":"ts","type":"timestamp without time zone","value":"2024-06-15 00:00:00"}],"identity":[{"name":"id","type":"integer","value":1},{"name":"info","type":"text","value":"test1"},{"name":"ts","type":"timestamp without time zone","value":"2024-06-15 00:00:00"}]}
 {"action":"D","schema":"public","table":"orders","identity":[{"name":"id","type":"integer","value":2},{"name":"info","type":"text","value":"test2"},{"name":"ts","type":"timestamp without time zone","value":"2025-03-01 00:00:00"}]}
 {"action":"C"}
(6 rows)

SELECT data FROM pg_logical_slot_peek_changes('regression_slot', NULL, NULL, 'format-version', '2', 'partition-root', '1', 'add-tables', 'public.orders_2024');
      data      
----------------
 {"action":"B"}
 {"action":"C"}
(2 rows)

-- truncate uses the same rules
BEGIN;
TRUNCATE orders_2024;
COMMIT;
SELECT data FROM pg_logical_slot_peek_changes('regression_slot', NULL, NULL, 'format-version', '2', 'partition-root', '1', 'actions', 'truncate');
                       data                        
---------------------------------------------------
 {"action":"B"}
 {"action":"C"}
 {"action":"B"}
 {"action":"T","schema":"public","table":"orders"}
 {"action":"C"}
(5 rows)

SELECT data FROM pg_logical_slot_get_changes('regression_slot', NULL, NULL, 'format-version', '2', 'partition-root', '1', 'actions', 'truncate', 'filter-tables', 'public.orders');
      data      
----------------
 {"action":"B"}
 {"action":"C"}
 {"action":"B"}
 {"action":"C"}
(4 rows)

SELECT 'stop' FROM pg_drop_replication_slot('regression_slot');
 ?column? 
----------
 stop
(1 row)

DROP TABLE orders;
